// Jest Snapshot v1, https://goo.gl/fbAQLP

exports[`matches snapshot 1`] = `
<DocumentFragment>
  <div>
    <form>
      <div>
        <label
          for="width"
        >
          Width:
        </label>
        <input
          id="width"
          name="width"
          type="text"
          value=""
        />
      </div>
      <div>
        <label
          for="height"
        >
          Height:
        </label>
        <input
          id="height"
          name="height"
          type="text"
          value=""
        />
      </div>
      <div>
        <label
          for="backgroundColor"
        >
          Background Color:
        </label>
        <input
          id="backgroundColor"
          name="backgroundColor"
          type="text"
          value=""
        />
      </div>
      <button
        type="submit"
      >
        Add New Box
      </button>
    </form>
    <div
      style="width: 5em; height: 5em; background-color: red;"
    >
      <button>
        X
      </button>
    </div>
    <div
      style="width: 7em; height: 4em; background-color: blue;"
    >
      <button>
        X
      </button>
    </div>
  </div>
</DocumentFragment>
`;
